This test checks for several cases of the matrix_mul function

Import module
>>> matrix_mul = __import__('100-matrix_mul').matrix_mul

Create dummy matrix
>>> matrix_1 = [
...    [1, 2], 
...    [3, 4]
... ]
...

>>> matrix_2 = [
...    [1, 2], 
...    [3, 4], 
...    [5, 6]
... ]
...

Test 1: matrix 1 and 2 must be a list
>>> print(matrix_mul("test", matrix_2))
Traceback (most recent call last):
TypeError: m_a must be a list

>>> print(matrix_mul(matrix_1, "test"))
Traceback (most recent call last):
TypeError: m_b must be a list

Test 2: matrix 1 and 2 must be a list of lists
>>> print(matrix_mul([1, 2], matrix_2))
Traceback (most recent call last):
TypeError: m_a must be a list of lists

>>> print(matrix_mul(matrix_2, [1, 2]))
Traceback (most recent call last):
TypeError: m_b must be a list of lists

Test 3: matrix 1 and 2 must not be empty matrices
>>> print(matrix_mul([], matrix_2))
Traceback (most recent call last):
ValueError: m_a can't be empty

>>> print(matrix_mul(matrix_2, [[]]))
Traceback (most recent call last):
ValueError: m_b can't be empty

Test 4: all values in lists in matrix 1 and 2 must either
be floats or integers
>>> dummy = [[1, 2], [3, 4], [45, 'sus']]
>>> print(matrix_mul(dummy, matrix_2))
Traceback (most recent call last):
TypeError: m_a should contain only integers or floats

>>> print(matrix_mul(matrix_2, dummy))
Traceback (most recent call last):
TypeError: m_b should contain only integers or floats

Test 5: matrix 1 and 2 must contain lists of the same length
>>> dummy[2][1] = 23
>>> dummy[2].append(45)
>>> print(matrix_mul(dummy, matrix_2))
Traceback (most recent call last):
TypeError: each row of m_a must be of the same size

>>> print(matrix_mul(matrix_2, dummy))
Traceback (most recent call last):
TypeError: each row of m_b must be of the same size

Test 6: checks that matrix multiplication of matrix 1 with matrix 2 is possible
>>> print(matrix_mul(matrix_2, matrix_1))
[[7, 10], [15, 22], [23, 34]]


Test 7: checks that the right output is gotten, where no error is met
>>> print(matrix_mul(matrix_1, matrix_2))
Traceback (most recent call last):
ValueError: m_a and m_b can't be multiplied
